// Jest Snapshot v1, https://goo.gl/fbAQLP

exports[`<Loading is rendered correctly 1`] = `
<div>
  <div
    class="ant-row"
  >
    <div
      class="ant-col ant-col-24 ant-col-offset-12"
    >
      <div
        class="ant-spin ant-spin-spinning ant-spin-show-text"
      >
        <span
          class="ant-spin-dot ant-spin-dot-spin"
        >
          <i
            class="ant-spin-dot-item"
          />
          <i
            class="ant-spin-dot-item"
          />
          <i
            class="ant-spin-dot-item"
          />
          <i
            class="ant-spin-dot-item"
          />
        </span>
        <div
          class="ant-spin-text"
        >
          I am loading
        </div>
      </div>
    </div>
  </div>
</div>
`;
